<testsuite tests="1">
  <testcase classname="TestLeadConvertPage" name="myUnitTest" time="8467" />
</testsuite>